Flow report for ELEC241
Sun May 10 21:21:09 2020
Quartus Prime Version 18.1.0 Build 625 09/12/2018 SJ Lite Edition


---------------------
; Table of Contents ;
---------------------
  1. Legal Notice
  2. Flow Summary
  3. Flow Settings
  4. Flow Non-Default Global Settings
  5. Flow Elapsed Time
  6. Flow OS Summary
  7. Flow Log
  8. Flow Messages
  9. Flow Suppressed Messages



----------------
; Legal Notice ;
----------------
Copyright (C) 2018  Intel Corporation. All rights reserved.
Your use of Intel Corporation's design tools, logic functions 
and other software and tools, and its AMPP partner logic 
functions, and any output files from any of the foregoing 
(including device programming or simulation files), and any 
associated documentation or information are expressly subject 
to the terms and conditions of the Intel Program License 
Subscription Agreement, the Intel Quartus Prime License Agreement,
the Intel FPGA IP License Agreement, or other applicable license
agreement, including, without limitation, that your use is for
the sole purpose of programming logic devices manufactured by
Intel and sold by Intel or its authorized distributors.  Please
refer to the applicable agreement for further details.



+----------------------------------------------------------------------------------+
; Flow Summary                                                                     ;
+------------------------------------+---------------------------------------------+
; Flow Status                        ; Successful - Sun May 10 21:21:09 2020       ;
; Quartus Prime Version              ; 18.1.0 Build 625 09/12/2018 SJ Lite Edition ;
; Revision Name                      ; ELEC241                                     ;
; Top-level Entity Name              ; FIFO                                        ;
; Family                             ; Cyclone IV E                                ;
; Device                             ; EP4CE22F17C6                                ;
; Timing Models                      ; Final                                       ;
; Total logic elements               ; 368 / 22,320 ( 2 % )                        ;
;     Total combinational functions  ; 251 / 22,320 ( 1 % )                        ;
;     Dedicated logic registers      ; 288 / 22,320 ( 1 % )                        ;
; Total registers                    ; 288                                         ;
; Total pins                         ; 46 / 154 ( 30 % )                           ;
; Total virtual pins                 ; 0                                           ;
; Total memory bits                  ; 0 / 608,256 ( 0 % )                         ;
; Embedded Multiplier 9-bit elements ; 0 / 132 ( 0 % )                             ;
; Total PLLs                         ; 0 / 4 ( 0 % )                               ;
+------------------------------------+---------------------------------------------+


+-----------------------------------------+
; Flow Settings                           ;
+-------------------+---------------------+
; Option            ; Setting             ;
+-------------------+---------------------+
; Start date & time ; 05/10/2020 21:20:07 ;
; Main task         ; Compilation         ;
; Revision Name     ; ELEC241             ;
+-------------------+---------------------+


+-------------------------------------------------------------------------------------------------------------------------------------------------------------+
; Flow Non-Default Global Settings                                                                                                                            ;
+----------------------------------------+--------------------------------------------------+---------------+-------------+-----------------------------------+
; Assignment Name                        ; Value                                            ; Default Value ; Entity Name ; Section Id                        ;
+----------------------------------------+--------------------------------------------------+---------------+-------------+-----------------------------------+
; COMPILER_SIGNATURE_ID                  ; 1097804125938.158914200620840                    ; --            ; --          ; --                                ;
; EDA_DESIGN_INSTANCE_NAME               ; run                                              ; --            ; --          ; buffertestbench                   ;
; EDA_GENERATE_FUNCTIONAL_NETLIST        ; Off                                              ; --            ; --          ; eda_board_design_timing           ;
; EDA_GENERATE_FUNCTIONAL_NETLIST        ; Off                                              ; --            ; --          ; eda_board_design_boundary_scan    ;
; EDA_GENERATE_FUNCTIONAL_NETLIST        ; Off                                              ; --            ; --          ; eda_board_design_signal_integrity ;
; EDA_GENERATE_FUNCTIONAL_NETLIST        ; Off                                              ; --            ; --          ; eda_board_design_symbol           ;
; EDA_NATIVELINK_SIMULATION_SETUP_SCRIPT ; simulation/modelsim/ELEC241_run_msim_rtl_vhdl.do ; --            ; --          ; eda_simulation                    ;
; EDA_NATIVELINK_SIMULATION_TEST_BENCH   ; buffertestbench                                  ; --            ; --          ; eda_simulation                    ;
; EDA_OUTPUT_DATA_FORMAT                 ; Vhdl                                             ; --            ; --          ; eda_simulation                    ;
; EDA_SIMULATION_TOOL                    ; ModelSim-Altera (VHDL)                           ; <None>        ; --          ; --                                ;
; EDA_TEST_BENCH_ENABLE_STATUS           ; TEST_BENCH_MODE                                  ; --            ; --          ; eda_simulation                    ;
; EDA_TEST_BENCH_FILE                    ; simulation/modelsim/FIFO.vht                     ; --            ; --          ; buffertestbench                   ;
; EDA_TEST_BENCH_MODULE_NAME             ; buffertestbench                                  ; --            ; --          ; buffertestbench                   ;
; EDA_TEST_BENCH_NAME                    ; buffertestbench                                  ; --            ; --          ; eda_simulation                    ;
; EDA_TIME_SCALE                         ; 1 ps                                             ; --            ; --          ; eda_simulation                    ;
; MAX_CORE_JUNCTION_TEMP                 ; 85                                               ; --            ; --          ; --                                ;
; MIN_CORE_JUNCTION_TEMP                 ; 0                                                ; --            ; --          ; --                                ;
; NOMINAL_CORE_SUPPLY_VOLTAGE            ; 1.2V                                             ; --            ; --          ; --                                ;
; PARTITION_COLOR                        ; -- (Not supported for targeted family)           ; --            ; FIFO        ; Top                               ;
; PARTITION_FITTER_PRESERVATION_LEVEL    ; -- (Not supported for targeted family)           ; --            ; FIFO        ; Top                               ;
; PARTITION_NETLIST_TYPE                 ; -- (Not supported for targeted family)           ; --            ; FIFO        ; Top                               ;
; POWER_BOARD_THERMAL_MODEL              ; None (CONSERVATIVE)                              ; --            ; --          ; --                                ;
; POWER_PRESET_COOLING_SOLUTION          ; 23 MM HEAT SINK WITH 200 LFPM AIRFLOW            ; --            ; --          ; --                                ;
; PROJECT_OUTPUT_DIRECTORY               ; output_files                                     ; --            ; --          ; --                                ;
; TOP_LEVEL_ENTITY                       ; FIFO                                             ; ELEC241       ; --          ; --                                ;
+----------------------------------------+--------------------------------------------------+---------------+-------------+-----------------------------------+


+--------------------------------------------------------------------------------------------------------------------------+
; Flow Elapsed Time                                                                                                        ;
+----------------------+--------------+-------------------------+---------------------+------------------------------------+
; Module Name          ; Elapsed Time ; Average Processors Used ; Peak Virtual Memory ; Total CPU Time (on all processors) ;
+----------------------+--------------+-------------------------+---------------------+------------------------------------+
; Analysis & Synthesis ; 00:00:27     ; 1.0                     ; 4787 MB             ; 00:00:58                           ;
; Fitter               ; 00:00:18     ; 1.0                     ; 5449 MB             ; 00:00:22                           ;
; Assembler            ; 00:00:03     ; 1.0                     ; 4679 MB             ; 00:00:02                           ;
; Timing Analyzer      ; 00:00:05     ; 1.0                     ; 4773 MB             ; 00:00:05                           ;
; EDA Netlist Writer   ; 00:00:03     ; 1.0                     ; 4647 MB             ; 00:00:03                           ;
; Total                ; 00:00:56     ; --                      ; --                  ; 00:01:30                           ;
+----------------------+--------------+-------------------------+---------------------+------------------------------------+


+------------------------------------------------------------------------------------+
; Flow OS Summary                                                                    ;
+----------------------+------------------+------------+------------+----------------+
; Module Name          ; Machine Hostname ; OS Name    ; OS Version ; Processor type ;
+----------------------+------------------+------------+------------+----------------+
; Analysis & Synthesis ; DESKTOP-4K1Q85A  ; Windows 10 ; 10.0       ; x86_64         ;
; Fitter               ; DESKTOP-4K1Q85A  ; Windows 10 ; 10.0       ; x86_64         ;
; Assembler            ; DESKTOP-4K1Q85A  ; Windows 10 ; 10.0       ; x86_64         ;
; Timing Analyzer      ; DESKTOP-4K1Q85A  ; Windows 10 ; 10.0       ; x86_64         ;
; EDA Netlist Writer   ; DESKTOP-4K1Q85A  ; Windows 10 ; 10.0       ; x86_64         ;
+----------------------+------------------+------------+------------+----------------+


------------
; Flow Log ;
------------
quartus_map --read_settings_files=on --write_settings_files=off ELEC241 -c ELEC241
quartus_fit --read_settings_files=off --write_settings_files=off ELEC241 -c ELEC241
quartus_asm --read_settings_files=off --write_settings_files=off ELEC241 -c ELEC241
quartus_sta ELEC241 -c ELEC241
quartus_eda --read_settings_files=off --write_settings_files=off ELEC241 -c ELEC241



